{
    "sarscov2 - bed - merge two peak files": {
        "content": [
            "merged_peaks_merged.txt",
            [
                "versions.yml:md5,5525de3ec5759617906fb41311dfb901"
            ]
        ],
        "meta": {
            "nf-test": "0.9.2",
            "nextflow": "25.04.7"
        },
        "timestamp": "2025-10-07T14:43:47.936609066"
    },
    "stub": {
        "content": [
            {
                "0": [
                    [
                        {
                            "id": "merged"
                        },
                        "merged_peaks_merged.txt:md5,d41d8cd98f00b204e9800998ecf8427e"
                    ]
                ],
                "1": [
                    "versions.yml:md5,5525de3ec5759617906fb41311dfb901"
                ],
                "merged": [
                    [
                        {
                            "id": "merged"
                        },
                        "merged_peaks_merged.txt:md5,d41d8cd98f00b204e9800998ecf8427e"
                    ]
                ],
                "versions": [
                    "versions.yml:md5,5525de3ec5759617906fb41311dfb901"
                ]
            }
        ],
        "meta": {
            "nf-test": "0.9.2",
            "nextflow": "25.04.7"
        },
        "timestamp": "2025-10-07T14:43:53.353525443"
    }
}